RAM Allocation
Variable                                                          Address   Size
--------------------------------------------------------------------------------
pointY                                                            0x0605       1
error                                                             0x0606       1
numMenu                                                           0x0607       1
max_X                                                             0x0608       2
max_Y                                                             0x060A       2
fillScreen                                                        0x060C       2
setFaza                                                           0x060E      14
setKoff                                                           0x061C      16
nameFaza                                                          0x062C       8
nameD                                                             0x0634       8
nameE0                                                            0x063C       6
nameE1                                                            0x0642      10
nameE2                                                            0x064C       8
nameE3                                                            0x0654      16
nameE4                                                            0x0664      16
timerD                                                            0x0674       4
timerStop                                                         0x0678       1
timerDrying                                                       0x0679       1
displCO2                                                          0x067A       1
minuts                                                            0x067B       1
dayStage                                                          0x067C       1
devices                                                           0x067D       1
signchar                                                          0x067E       1
intval                                                            0x067F       1
frcval                                                            0x0680       1
rom_code                                                          0x0681      54
dacU                                                              0x06B7       4
outU                                                              0x06BB       4
clock_buffer                                                      0x06BF       8
buff                                                              0x06C7      65
Tf                                                                0x0708       8
z1                                                                0x0710       4
z2                                                                0x0714       8
z3                                                                0x071C       6
newval                                                            0x0722      16
pauseButt                                                         0x0732       2
pvT                                                               0x0734       2
pvRH                                                              0x0736       2
pvCO2                                                             0x0738       2
errors                                                            0x073A       7
flags                                                             0x0741      13
ds                                                                0x074E       8
in                                                                0x0756       4
out                                                               0x075A       4
iPart                                                             0x075E      16
Told1                                                             0x076E      36
Told2                                                             0x0792      36
buttonCount                                                       0x07B6       1
plusCount                                                         0x07B7       1
point_X                                                           0x07B8       2
point_Y                                                           0x07BA       2
point_Z                                                           0x07BC       2
bottom_Y                                                          0x07BE       2
left_X                                                            0x07C0       2
buttons                                                           0x07C2      24
plus                                                              0x07DA      48
try                                                               0x080A       1
err                                                               0x080B       1
_seed                                                             0x080C       4

EEPROM Allocation
Variable                                                          Address   Size
--------------------------------------------------------------------------------
romcodeZ1                                                         0x0000      14
romcodeZ2                                                         0x000E      28
romcodeZ3                                                         0x002A      21
sys                                                               0x003F       5
autoA                                                             0x0044       4
autoD                                                             0x0048       4
spot1                                                             0x004C       1
spot2                                                             0x004D       1
spot3                                                             0x004E       1
faza                                                              0x004F      95
digital                                                           0x00AE      16
analog                                                            0x00BE      36
setpoint                                                          0x00E2      16
idxClcPnt                                                         0x00F2       1
initPoint                                                         0x00F3     224
tabRH                                                             0x01D3     420

Register Allocation
Variable                                                          Register  Size
--------------------------------------------------------------------------------
relay                                                             R2           1
ptr_to_ram                                                        R5,R6        2
ptr_to_eeprom                                                     R7,R8        2
counter0                                                          R10          1
counter1                                                          R9           1
BeepT                                                             R12          1
displ_num                                                         R11          1
newButton                                                         R14          1
newSetButt                                                        R13          1
CAN1                                                              R2.0      1bit
CAN2                                                              R2.1      1bit
CAN3                                                              R2.2      1bit
CAN4                                                              R2.3      1bit
LcdDispl                                                          R2.4      1bit
NewCalc                                                           R2.5      1bit
NewMin                                                            R2.6      1bit
Dht                                                               R2.7      1bit
CO2module                                                         R3.0      1bit
ChangeFaza                                                        R3.1      1bit
